[
    {
        "source": "༄༅།།",
        "target": "༄༅ ། །"
    },
    {
        "source": "འདུལ་བ་ཀ་བཞུགས་སོ།།",
        "target": "འདུལ་བ་ ཀ་ བཞུགས་ སོ ། །"
    },
    {
        "source": "༄༅༅།།",
        "target": "༄༅༅ ། །"
    },
    {
        "source": "རྒྱ་གར་སྐད་དུ།",
        "target": "རྒྱ་གར་ སྐད་ དུ །"
    },
    {
        "source": "བི་ན་ཡ་བསྟུ།",
        "target": "བི་ན་ཡ་ བསྟུ །"
    },
    {
        "source": "བོད་སྐད་དུ།",
        "target": "བོད་ སྐད་ དུ །"
    }
]
